{
  "code": 400,
  "message": "Validation Failed",
  "errors": {
    "errors": [
      "Please, provide product variant code"
    ],
    "children": {
      "quantity": {
        "errors": [
          "Please, provide quantity"
        ]
      },
      "reference": {},
      "variant": {}
    }
  }
}
