{
  "variant": "@string@",
  "id": @integer@,
  "quantity": 1,
  "createdAt": "@string@.isDateTime()"
}
